[]   
[f] Zg== MY====== 66
[fo] Zm8= MZXQ==== 666f
[foo] Zm9v MZXW6=== 666f6f
[foob] Zm9vYg== MZXW6YQ= 666f6f62
[fooba] Zm9vYmE= MZXW6YTB 666f6f6261
[foobar] Zm9vYmFy MZXW6YTBOI====== 666f6f626172
base64 [] -> []
base64 [Zg==] -> [f]
base64 [Zm8=] -> [fo]
base64 [Zm9v] -> [foo]
base64 [Zm9vYg==] -> [foob]
base64 [Zm9vYmE=] -> [fooba]
base64 [Zm9vYmFy] -> [foobar]
base32 [] -> []
base32 [MY======] -> [f]
base32 [MZXQ====] -> [fo]
base32 [MZXW6===] -> [foo]
base32 [MZXW6YQ=] -> [foob]
base32 [MZXW6YTB] -> [fooba]
base32 [MZXW6YTBOI======] -> [foobar]
